// Jest Snapshot v1, https://goo.gl/fbAQLP

exports[`renders dark without error 1`] = `
<DocumentFragment>
  <div>
    <div
      class="MuiBox-root MuiBox-root Styled(MuiBox)-root Styled(MuiBox)-root"
    >
      <div
        class="MuiBox-root MuiBox-root Styled(MuiBox)-root Styled(MuiBox)-root"
      >
        <h1
          class="MuiTypography-root WithStyles(ForwardRef(Typography))-root WithStyles(ForwardRef(Typography))-root Component-root Component-root MuiTypography-h1"
        >
          Types
        </h1>
        <p
          class="MuiTypography-root WithStyles(ForwardRef(Typography))-root WithStyles(ForwardRef(Typography))-root WrappedTypography-root WrappedTypography-root MuiTypography-body1"
        >
          The gazetteer finds the type below by matching the keywords declared for each type.
        </p>
      </div>
      <button
        class="MuiButtonBase-root MuiButton-root MuiButton-contained WithNoOpener-root WithNoOpener-root"
        tabindex="0"
        type="button"
      >
        <span
          class="MuiButton-label"
        >
          Add Type
        </span>
        <span
          class="MuiTouchRipple-root"
        />
      </button>
    </div>
    <div
      class="MuiPaper-root MuiCard-root WithStyles(ForwardRef(Card))-root WithStyles(ForwardRef(Card))-root MuiPaper-elevation1 MuiPaper-rounded"
    >
      <ul
        class="MuiList-root MuiList-padding"
      >
        <li
          class="MuiListItem-container"
        >
          <div
            aria-disabled="false"
            class="MuiButtonBase-root MuiListItem-root MuiListItem-gutters MuiListItem-button MuiListItem-secondaryAction"
            role="button"
            tabindex="0"
          >
            <div
              class="MuiListItemText-root"
            >
              <span
                class="MuiTypography-root MuiListItemText-primary MuiTypography-body1 MuiTypography-displayBlock"
              >
                TEST
              </span>
            </div>
            <span
              class="MuiTouchRipple-root"
            />
          </div>
          <div
            class="MuiListItemSecondaryAction-root"
          >
            <button
              aria-label="comments"
              class="MuiButtonBase-root MuiIconButton-root WithNoOpener-root WithNoOpener-root MuiIconButton-edgeEnd"
              tabindex="0"
              type="button"
            >
              <span
                class="MuiIconButton-label"
              >
                <svg
                  aria-hidden="true"
                  class="MuiSvgIcon-root"
                  focusable="false"
                  viewBox="0 0 24 24"
                >
                  <path
                    d="M6 21h12V7H6v14zM19 4h-3.5l-1-1h-5l-1 1H5v2h14V4z"
                  />
                </svg>
              </span>
              <span
                class="MuiTouchRipple-root"
              />
            </button>
          </div>
        </li>
        <li
          class="MuiListItem-container"
        >
          <div
            aria-disabled="false"
            class="MuiButtonBase-root MuiListItem-root MuiListItem-gutters MuiListItem-button MuiListItem-secondaryAction"
            role="button"
            tabindex="0"
          >
            <div
              class="MuiListItemText-root"
            >
              <span
                class="MuiTypography-root MuiListItemText-primary MuiTypography-body1 MuiTypography-displayBlock"
              >
                OTHER
              </span>
            </div>
            <span
              class="MuiTouchRipple-root"
            />
          </div>
          <div
            class="MuiListItemSecondaryAction-root"
          >
            <button
              aria-label="comments"
              class="MuiButtonBase-root MuiIconButton-root WithNoOpener-root WithNoOpener-root MuiIconButton-edgeEnd"
              tabindex="0"
              type="button"
            >
              <span
                class="MuiIconButton-label"
              >
                <svg
                  aria-hidden="true"
                  class="MuiSvgIcon-root"
                  focusable="false"
                  viewBox="0 0 24 24"
                >
                  <path
                    d="M6 21h12V7H6v14zM19 4h-3.5l-1-1h-5l-1 1H5v2h14V4z"
                  />
                </svg>
              </span>
              <span
                class="MuiTouchRipple-root"
              />
            </button>
          </div>
        </li>
      </ul>
    </div>
  </div>
</DocumentFragment>
`;

exports[`renders without error 1`] = `
<DocumentFragment>
  <div>
    <div
      class="MuiBox-root MuiBox-root Styled(MuiBox)-root Styled(MuiBox)-root"
    >
      <div
        class="MuiBox-root MuiBox-root Styled(MuiBox)-root Styled(MuiBox)-root"
      >
        <h1
          class="MuiTypography-root WithStyles(ForwardRef(Typography))-root WithStyles(ForwardRef(Typography))-root Component-root Component-root MuiTypography-h1"
        >
          Types
        </h1>
        <p
          class="MuiTypography-root WithStyles(ForwardRef(Typography))-root WithStyles(ForwardRef(Typography))-root WrappedTypography-root WrappedTypography-root MuiTypography-body1"
        >
          The gazetteer finds the type below by matching the keywords declared for each type.
        </p>
      </div>
      <button
        class="MuiButtonBase-root MuiButton-root MuiButton-contained WithNoOpener-root WithNoOpener-root"
        tabindex="0"
        type="button"
      >
        <span
          class="MuiButton-label"
        >
          Add Type
        </span>
        <span
          class="MuiTouchRipple-root"
        />
      </button>
    </div>
    <div
      class="MuiPaper-root MuiCard-root WithStyles(ForwardRef(Card))-root WithStyles(ForwardRef(Card))-root MuiPaper-elevation1 MuiPaper-rounded"
    >
      <ul
        class="MuiList-root MuiList-padding"
      >
        <li
          class="MuiListItem-container"
        >
          <div
            aria-disabled="false"
            class="MuiButtonBase-root MuiListItem-root MuiListItem-gutters MuiListItem-button MuiListItem-secondaryAction"
            role="button"
            tabindex="0"
          >
            <div
              class="MuiListItemText-root"
            >
              <span
                class="MuiTypography-root MuiListItemText-primary MuiTypography-body1 MuiTypography-displayBlock"
              >
                TEST
              </span>
            </div>
            <span
              class="MuiTouchRipple-root"
            />
          </div>
          <div
            class="MuiListItemSecondaryAction-root"
          >
            <button
              aria-label="comments"
              class="MuiButtonBase-root MuiIconButton-root WithNoOpener-root WithNoOpener-root MuiIconButton-edgeEnd"
              tabindex="0"
              type="button"
            >
              <span
                class="MuiIconButton-label"
              >
                <svg
                  aria-hidden="true"
                  class="MuiSvgIcon-root"
                  focusable="false"
                  viewBox="0 0 24 24"
                >
                  <path
                    d="M6 21h12V7H6v14zM19 4h-3.5l-1-1h-5l-1 1H5v2h14V4z"
                  />
                </svg>
              </span>
              <span
                class="MuiTouchRipple-root"
              />
            </button>
          </div>
        </li>
        <li
          class="MuiListItem-container"
        >
          <div
            aria-disabled="false"
            class="MuiButtonBase-root MuiListItem-root MuiListItem-gutters MuiListItem-button MuiListItem-secondaryAction"
            role="button"
            tabindex="0"
          >
            <div
              class="MuiListItemText-root"
            >
              <span
                class="MuiTypography-root MuiListItemText-primary MuiTypography-body1 MuiTypography-displayBlock"
              >
                OTHER
              </span>
            </div>
            <span
              class="MuiTouchRipple-root"
            />
          </div>
          <div
            class="MuiListItemSecondaryAction-root"
          >
            <button
              aria-label="comments"
              class="MuiButtonBase-root MuiIconButton-root WithNoOpener-root WithNoOpener-root MuiIconButton-edgeEnd"
              tabindex="0"
              type="button"
            >
              <span
                class="MuiIconButton-label"
              >
                <svg
                  aria-hidden="true"
                  class="MuiSvgIcon-root"
                  focusable="false"
                  viewBox="0 0 24 24"
                >
                  <path
                    d="M6 21h12V7H6v14zM19 4h-3.5l-1-1h-5l-1 1H5v2h14V4z"
                  />
                </svg>
              </span>
              <span
                class="MuiTouchRipple-root"
              />
            </button>
          </div>
        </li>
      </ul>
    </div>
  </div>
</DocumentFragment>
`;
